---
source: tests/unit/elf/x64/test_rpath.rs
expression: changed_elf_data.len()
---
967616
