---
source: tests/unit/elf/x64/test_patching.rs
expression: changed_macho.rpaths
---
[
    "path-graf",
]
