---
source: tests/unit/elf/x64/test_patching.rs
expression: changed_elf.soname
---
Some(
    "my_soname",
)
