---
source: tests/unit/macho/x32/test_patching.rs
expression: macho_container.data.len()
---
8356
