---
source: tests/unit/macho/x32/test_patching.rs
expression: changed_macho.rpaths
---
[]
