---
source: tests/unit/macho/x64/test_rpath.rs
expression: changed_macho.libs
---
[
    "self",
    "very_very_very_very_very_very_very_longid",
]
