---
source: tests/unit/macho/x64/test_rpath.rs
expression: changed_macho.rpaths
---
[
    "path_graf",
    "abababababababababababaabbababababababababab",
]
