---
source: tests/unit/macho/x64/test_rpath.rs
expression: changed_macho.libs
---
[
    "self",
    "/usr/lib/libncurses.5.4.dylib",
    "/usr/lib/libutil.dylib",
    "very_very_very_very_very_very_very_longid",
]
