---
source: tests/unit/elf/x32/test_patching.rs
expression: changed_macho.interpreter
---
Some(
    "/my/ld-linux.so.2\0",
)
