---
source: tests/unit/elf/x32/test_patching.rs
expression: changed_macho.rpaths
---
[
    "path-graf",
]
