---
source: tests/unit/elf/x32/test_patching.rs
expression: changed_elf.runpaths
---
[
    "path_graf_path_graf_path_graf_path_graf",
]
