---
source: tests/unit/macho/fat/test_patching.rs
expression: macho_container.data.len()
---
76224
