---
source: tests/test_rpath.rs
expression: changed_macho.rpaths
---
[
    "path_graf_path_graf_path_graf_path_graf",
]
