---
source: tests/test_rpath.rs
expression: changed_macho.name
---
Some(
    "very_very_very_very_very_very_very_longid.dylib",
)
