---
source: tests/test_rpath.rs
expression: changed_macho.rpaths
---
[]
