---
source: tests/x32/test_patching.rs
expression: changed_macho.rpaths
---
[
    "path_graf",
    "abababababababababababaabbababababababababab",
]
